[zulu.longines.com/index.html]
[backblue.gif]
[fade.gif]
[index.html]
[zulu.longines.com/share.jpg]
[zulu.longines.com/favicon.ico]
[www.longines.com/_next/static/external/index.css]
[www.longines.com/external/assets/index.js]
[zulu.longines.com/_nuxt/15aed78.js]
[zulu.longines.com/_nuxt/758a6d7.js]
[zulu.longines.com/_nuxt/3d0c48a.js]
[zulu.longines.com/_nuxt/0228767.js]
[zulu.longines.com/_nuxt/c692f7f.js]
[zulu.longines.com/_nuxt/3980eb8.js]
[zulu.longines.com/_nuxt/494d762.js]
[zulu.longines.com/_nuxt/2814a6d.js]
[zulu.longines.com/_nuxt/9d9fbb8.js]
[zulu.longines.com/images/noise.png]
[zulu.longines.com/_nuxt/fonts/LonginesSerifHeadline-Regular.a291984.woff2]
[zulu.longines.com/_nuxt/fonts/LonginesSerifHeadline-Regular.83d4d66.woff]
[zulu.longines.com/_nuxt/fonts/LonginesSansHeadline-Bold.7f22a09.woff2]
[zulu.longines.com/_nuxt/fonts/LonginesSansHeadline-Bold.b82376a.woff]
[zulu.longines.com/_nuxt/fonts/LonginesSansHeadline-Regular.f06da5d.woff2]
[zulu.longines.com/_nuxt/fonts/LonginesSansHeadline-Regular.8eb3026.woff]
[zulu.longines.com/_nuxt/fonts/LonginesSansText-Light.fc0b85d.woff2]
[zulu.longines.com/_nuxt/fonts/LonginesSansText-Light.592a7c7.woff]
[zulu.longines.com/_nuxt/fonts/LonginesSansText-Regular.fb4637a.woff2]
[zulu.longines.com/_nuxt/fonts/LonginesSansText-Regular.1d357cb.woff]
[zulu.longines.com/_nuxt/fonts/OpenSans-Light.c320c26.woff2]
[zulu.longines.com/_nuxt/fonts/OpenSans-Light.a6f9c29.woff]
[zulu.longines.com/_nuxt/fonts/OpenSans-SemiBold.a7e5d5e.woff2]
[zulu.longines.com/_nuxt/fonts/OpenSans-SemiBold.ad9bc43.woff]
[zulu.longines.com/_nuxt/fonts/OpenSans-Regular.3ef06ba.woff2]
[zulu.longines.com/_nuxt/fonts/OpenSans-Regular.6c5acfa.woff]
[zulu.longines.com/_nuxt/fonts/EditorialNew-Ultralight.fa160eb.woff2]
[zulu.longines.com/_nuxt/fonts/EditorialNew-Ultralight.162144a.woff]
[zulu.longines.com/images/menu-bg.png]
[zulu.longines.com/_nuxt/static/1689116749/state.js]
[zulu.longines.com/_nuxt/static/1689116749/payload.js]
[zulu.longines.com/_nuxt/static/1689116749/manifest.js]
[zulu.longines.com/images/globe.gif]
[zulu.longines.com/images/plane-1.gif]
[zulu.longines.com/images/plane-2.gif]
[zulu.longines.com/images/plane-3.gif]
[zulu.longines.com/index.html]
[www.longines.com/_next/static/public/images/bg-vintage-watches.35.delayed]
[www.longines.com/_next/static/external/index.css]
[www.googletagmanager.com/gtm5445.html]
[zulu.longines.com/ak.html]
[zulu.longines.com/ak-2.html]
[zulu.longines.com/zulu-showcase-1-url.html]
[zulu.longines.com/zulu-showcase-2-url.html]
[zulu.longines.com/zulu-showcase-3-url.html]
[zulu.longines.com/zulu-footer-slider-watch-1-url.html]
[zulu.longines.com/zulu-footer-slider-watch-2-url.html]
[zulu.longines.com/zulu-footer-slider-watch-3-url.html]
[zulu.longines.com/zulu-footer-slider-watch-4-url.html]
[zulu.longines.com/zulu-footer-slider-watch-5-url.html]
[zulu.longines.com/zulu-footer-slider-watch-6-url.html]
[zulu.longines.com/zulu-footer-slider-url.html]
[www.longines.com/_next/static/public/images/bg-vintage-watches.html]
